<?xml version="1.0" encoding="utf-8"?><testsuites name="pytest tests"><testsuite name="pytest" errors="0" failures="29" skipped="0" tests="255" time="20.395" timestamp="2026-04-01T22:46:44.570037+02:00" hostname="192.168.1.8"><testcase classname="benchmarks.test_latency.TestQueryLatency" name="test_simple_query_latency" time="0.006" /><testcase classname="benchmarks.test_latency.TestQueryLatency" name="test_file_read_latency" time="0.002" /><testcase classname="benchmarks.test_latency.TestQueryLatency" name="test_git_operation_latency" time="2.506"><failure message="assert 2.5047659873962402 &lt; 1.0">tests/benchmarks/test_latency.py:66: in test_git_operation_latency
    assert elapsed &lt; 1.0
E   assert 2.5047659873962402 &lt; 1.0</failure></testcase><testcase classname="benchmarks.test_latency.TestToolLatency" name="test_get_tool_latency" time="0.000" /><testcase classname="benchmarks.test_latency.TestToolLatency" name="test_list_tools_latency" time="0.000" /><testcase classname="benchmarks.test_latency.TestToolLatency" name="test_schemas_lookup_latency" time="0.002" /><testcase classname="benchmarks.test_latency.TestContextLatency" name="test_context_summary_latency" time="0.002" /><testcase classname="benchmarks.test_latency.TestContextLatency" name="test_workspace_context_latency" time="0.001" /><testcase classname="benchmarks.test_latency.TestAgentLatency" name="test_intent_parsing_latency" time="0.001" /><testcase classname="benchmarks.test_latency.TestAgentLatency" name="test_tool_selection_latency" time="0.010" /><testcase classname="benchmarks.test_latency.TestMemoryLatency" name="test_session_memory_latency" time="0.002" /><testcase classname="benchmarks.test_latency.TestMemoryLatency" name="test_summary_generation_latency" time="0.002" /><testcase classname="benchmarks.test_latency.TestOverallLatency" name="test_full_query_cycle_latency" time="0.013" /><testcase classname="benchmarks.test_latency.TestOverallLatency" name="test_batch_query_latency" time="0.062" /><testcase classname="benchmarks.test_memory_usage.TestMemoryUsage" name="test_agent_memory_baseline" time="0.001" /><testcase classname="benchmarks.test_memory_usage.TestMemoryUsage" name="test_conversation_history_memory" time="0.125" /><testcase classname="benchmarks.test_memory_usage.TestMemoryUsage" name="test_session_memory_growth" time="0.001" /><testcase classname="benchmarks.test_memory_usage.TestContextMemory" name="test_context_manager_memory" time="0.001" /><testcase classname="benchmarks.test_memory_usage.TestContextMemory" name="test_projects_dict_memory" time="0.001" /><testcase classname="benchmarks.test_memory_usage.TestToolMemory" name="test_tools_dict_memory" time="0.000" /><testcase classname="benchmarks.test_memory_usage.TestToolMemory" name="test_tool_schemas_memory" time="0.000" /><testcase classname="benchmarks.test_memory_usage.TestGarbageCollection" name="test_gc_after_agent_creation" time="0.045" /><testcase classname="benchmarks.test_memory_usage.TestGarbageCollection" name="test_gc_after_queries" time="0.099" /><testcase classname="benchmarks.test_memory_usage.TestMemoryLeaks" name="test_no_leak_in_loop" time="0.249" /><testcase classname="benchmarks.test_memory_usage.TestMemoryLeaks" name="test_session_cleanup" time="0.001" /><testcase classname="benchmarks.test_memory_usage.TestMemoryEfficiency" name="test_response_size" time="0.000" /><testcase classname="benchmarks.test_memory_usage.TestMemoryEfficiency" name="test_tool_call_size" time="0.000" /><testcase classname="benchmarks.test_memory_usage.TestResourceCleanup" name="test_context_cleanup" time="0.007" /><testcase classname="benchmarks.test_memory_usage.TestResourceCleanup" name="test_agent_disposal" time="0.001" /><testcase classname="benchmarks.test_throughput.TestConcurrentQueries" name="test_sequential_throughput" time="0.031" /><testcase classname="benchmarks.test_throughput.TestConcurrentQueries" name="test_rapid_fire_queries" time="0.017" /><testcase classname="benchmarks.test_throughput.TestThreadSafety" name="test_concurrent_agent_creation" time="0.008" /><testcase classname="benchmarks.test_throughput.TestThreadSafety" name="test_concurrent_tool_access" time="0.003" /><testcase classname="benchmarks.test_throughput.TestBatchProcessing" name="test_batch_file_operations" time="0.001"><failure message="NameError: name 'get_tool' is not defined">tests/benchmarks/test_throughput.py:129: in test_batch_file_operations
    get_tool("read")(path=f)
    ^^^^^^^^
E   NameError: name 'get_tool' is not defined</failure></testcase><testcase classname="benchmarks.test_throughput.TestBatchProcessing" name="test_batch_tool_chains" time="0.001"><failure message="NameError: name 'get_tool' is not defined">tests/benchmarks/test_throughput.py:151: in test_batch_tool_chains
    get_tool(tool_name)(**params)
    ^^^^^^^^
E   NameError: name 'get_tool' is not defined</failure></testcase><testcase classname="benchmarks.test_throughput.TestThroughputMetrics" name="test_queries_per_second" time="0.046" /><testcase classname="benchmarks.test_throughput.TestThroughputMetrics" name="test_tools_per_second" time="0.001"><failure message="NameError: name 'get_tool' is not defined">tests/benchmarks/test_throughput.py:193: in test_tools_per_second
    get_tool("read")(path=f"file{i}.py")
    ^^^^^^^^
E   NameError: name 'get_tool' is not defined</failure></testcase><testcase classname="benchmarks.test_throughput.TestConcurrentContext" name="test_concurrent_context_updates" time="0.001" /><testcase classname="benchmarks.test_throughput.TestResourceUtilization" name="test_memory_usage_stable" time="0.132" /><testcase classname="benchmarks.test_throughput.TestResourceUtilization" name="test_context_growth_bounded" time="0.001" /><testcase classname="benchmarks.test_token_efficiency.TestTokenUsage" name="test_response_token_efficiency" time="0.002" /><testcase classname="benchmarks.test_token_efficiency.TestTokenUsage" name="test_context_truncation" time="0.001" /><testcase classname="benchmarks.test_token_efficiency.TestPromptEfficiency" name="test_intent_parsing_tokens" time="0.000" /><testcase classname="benchmarks.test_token_efficiency.TestPromptEfficiency" name="test_tool_selection_tokens" time="0.000"><failure message="TypeError: isinstance expected 2 arguments, got 1">tests/benchmarks/test_token_efficiency.py:78: in test_tool_selection_tokens
    assert isinstance(tools)
           ^^^^^^^^^^^^^^^^^
E   TypeError: isinstance expected 2 arguments, got 1</failure></testcase><testcase classname="benchmarks.test_token_efficiency.TestResponseEfficiency" name="test_response_generation_size" time="0.001" /><testcase classname="benchmarks.test_token_efficiency.TestResponseEfficiency" name="test_clarification_efficiency" time="0.001" /><testcase classname="benchmarks.test_token_efficiency.TestContextTokenEfficiency" name="test_context_summary_size" time="0.001" /><testcase classname="benchmarks.test_token_efficiency.TestContextTokenEfficiency" name="test_workspace_context_size" time="0.001" /><testcase classname="benchmarks.test_token_efficiency.TestToolSchemasEfficiency" name="test_schemas_compactness" time="0.000" /><testcase classname="benchmarks.test_token_efficiency.TestToolSchemasEfficiency" name="test_schema_required_fields" time="0.000" /><testcase classname="benchmarks.test_token_efficiency.TestConversationEfficiency" name="test_history_truncation" time="0.065" /><testcase classname="benchmarks.test_token_efficiency.TestConversationEfficiency" name="test_summary_efficiency" time="0.001" /><testcase classname="benchmarks.test_token_efficiency.TestTokenOptimization" name="test_response_capping" time="0.000" /><testcase classname="benchmarks.test_token_efficiency.TestTokenOptimization" name="test_context_truncation_strategy" time="0.001" /><testcase classname="integration.test_agent_cli.TestAgentCLIIntegration" name="test_agent_in_cli" time="0.001" /><testcase classname="integration.test_agent_cli.TestAgentCLIIntegration" name="test_chat_mode_uses_agent" time="0.001" /><testcase classname="integration.test_agent_cli.TestAgentCLIIntegration" name="test_command_mode_uses_agent" time="0.001" /><testcase classname="integration.test_agent_cli.TestAgentContextIntegration" name="test_agent_uses_context_manager" time="0.001" /><testcase classname="integration.test_agent_cli.TestAgentContextIntegration" name="test_agent_records_tool_usage" time="0.002" /><testcase classname="integration.test_agent_cli.TestAgentContextIntegration" name="test_agent_gets_context" time="0.001" /><testcase classname="integration.test_agent_cli.TestAgentToolsIntegration" name="test_agent_gets_schemas" time="0.001" /><testcase classname="integration.test_agent_cli.TestAgentToolsIntegration" name="test_agent_process_with_forced_tools" time="0.001" /><testcase classname="integration.test_agent_cli.TestFullWorkflow" name="test_read_file_workflow" time="0.002" /><testcase classname="integration.test_agent_cli.TestFullWorkflow" name="test_write_file_workflow" time="0.002" /><testcase classname="integration.test_agent_cli.TestFullWorkflow" name="test_git_workflow" time="2.890" /><testcase classname="integration.test_agent_cli.TestMultiToolIntegration" name="test_read_then_process" time="0.004" /><testcase classname="integration.test_agent_cli.TestMultiToolIntegration" name="test_multiple_git_operations" time="2.324" /><testcase classname="integration.test_agent_cli.TestErrorIntegration" name="test_tool_failure_handling" time="0.004" /><testcase classname="integration.test_agent_cli.TestErrorIntegration" name="test_context_error_recovery" time="0.001" /><testcase classname="integration.test_cli.TestCLIComponents" name="test_print_banner" time="0.001" /><testcase classname="integration.test_cli.TestCLIComponents" name="test_cli_creation" time="0.001" /><testcase classname="integration.test_cli.TestCLIComponents" name="test_chat_mode_creation" time="0.000" /><testcase classname="integration.test_cli.TestCLIComponents" name="test_command_mode_creation" time="0.001" /><testcase classname="integration.test_cli.TestCLIComponents" name="test_voice_interface_creation" time="0.000" /><testcase classname="integration.test_cli.TestCLIWorkflows" name="test_run_interactive" time="0.000" /><testcase classname="integration.test_cli.TestCLIWorkflows" name="test_run_command" time="0.001" /><testcase classname="integration.test_cli.TestCLIWorkflows" name="test_run_tools" time="0.001" /><testcase classname="integration.test_cli.TestCLIArguments" name="test_cli_with_command_arg" time="0.000" /><testcase classname="integration.test_cli.TestCLIArguments" name="test_cli_with_tools_arg" time="0.000" /><testcase classname="integration.test_cli.TestCLIArguments" name="test_cli_with_output_arg" time="0.000" /><testcase classname="integration.test_cli.TestCLIArguments" name="test_cli_with_format_arg" time="0.000" /><testcase classname="integration.test_cli.TestOutputFormatting" name="test_format_text_output" time="0.000" /><testcase classname="integration.test_cli.TestOutputFormatting" name="test_format_json_output" time="0.000" /><testcase classname="integration.test_cli.TestOutputFormatting" name="test_format_list_output" time="0.000" /><testcase classname="integration.test_cli.TestCLIColors" name="test_colored_output_red" time="0.000" /><testcase classname="integration.test_cli.TestCLIColors" name="test_colored_output_green" time="0.000" /><testcase classname="integration.test_cli.TestCLIColors" name="test_colored_output_cyan" time="0.000" /><testcase classname="integration.test_cli.TestMainFunction" name="test_main_defaults" time="0.000" /><testcase classname="integration.test_cli.TestMainFunction" name="test_main_with_command" time="0.000" /><testcase classname="integration.test_cli.TestCLIErrors" name="test_cli_keyboard_interrupt" time="0.000" /><testcase classname="integration.test_cli.TestCLIErrors" name="test_cli_general_exception" time="0.000" /><testcase classname="integration.test_self_evolution.TestSelfReflection" name="test_reflection_high_confidence" time="0.000" /><testcase classname="integration.test_self_evolution.TestSelfReflection" name="test_reflection_low_confidence" time="0.000" /><testcase classname="integration.test_self_evolution.TestSelfReflection" name="test_reflection_suggestion" time="0.000" /><testcase classname="integration.test_self_evolution.TestSelfImprovementCycle" name="test_agent_learns_from_errors" time="0.002" /><testcase classname="integration.test_self_evolution.TestSelfImprovementCycle" name="test_conversation_history_tracking" time="0.005" /><testcase classname="integration.test_self_evolution.TestSelfImprovementCycle" name="test_reflection_updates_confidence" time="1.650" /><testcase classname="integration.test_self_evolution.TestAdaptiveToolSelection" name="test_tool_selection_based_on_intent" time="0.000" /><testcase classname="integration.test_self_evolution.TestAdaptiveToolSelection" name="test_parameter_extraction_improves" time="0.000" /><testcase classname="integration.test_self_evolution.TestContextAwareImprovement" name="test_context_influences_response" time="0.004" /><testcase classname="integration.test_self_evolution.TestContextAwareImprovement" name="test_session_memory_persists" time="0.002" /><testcase classname="integration.test_self_evolution.TestSelfEvolutionIntegration" name="test_full_self_improvement_loop" time="0.848" /><testcase classname="integration.test_self_evolution.TestSelfEvolutionIntegration" name="test_error_recovery_improves" time="0.006" /><testcase classname="integration.test_self_evolution.TestSelfEvolutionIntegration" name="test_performance_tracking" time="0.001" /><testcase classname="integration.test_self_evolution.TestContinuousLearning" name="test_query_patterns_learned" time="0.006" /><testcase classname="integration.test_self_evolution.TestContinuousLearning" name="test_tool_usage_stats" time="2.824" /><testcase classname="integration.test_tool_chains.TestToolChains" name="test_read_grep_chain" time="0.002"><failure message="assert False is True">tests/integration/test_tool_chains.py:40: in test_read_grep_chain
    assert read_result["success"] is True
E   assert False is True</failure></testcase><testcase classname="integration.test_tool_chains.TestToolChains" name="test_search_copy_chain" time="0.050"><failure message="assert False is True">tests/integration/test_tool_chains.py:58: in test_search_copy_chain
    assert copy_result["success"] is True
E   assert False is True</failure></testcase><testcase classname="integration.test_tool_chains.TestToolChains" name="test_git_status_branch_chain" time="0.033" /><testcase classname="integration.test_tool_chains.TestComplexToolSequences" name="test_file_edit_save_sequence" time="0.001"><failure message="assert False is True">tests/integration/test_tool_chains.py:107: in test_file_edit_save_sequence
    assert edit_result["success"] is True
E   assert False is True</failure></testcase><testcase classname="integration.test_tool_chains.TestComplexToolSequences" name="test_code_test_lint_sequence" time="0.763"><failure message="AssertionError: assert (False or 'output' in {'error': 'ruff not found', 'success': False})&#10; +  where False = &lt;built-in method get of dict object at 0x10b9a9000&gt;('success')&#10; +    where &lt;built-in method get of dict object at 0x10b9a9000&gt; = {'error': 'ruff not found', 'success': False}.get">tests/integration/test_tool_chains.py:125: in test_code_test_lint_sequence
    assert lint_result.get("success") or "output" in lint_result
E   AssertionError: assert (False or 'output' in {'error': 'ruff not found', 'success': False})
E    +  where False = &lt;built-in method get of dict object at 0x10b9a9000&gt;('success')
E    +    where &lt;built-in method get of dict object at 0x10b9a9000&gt; = {'error': 'ruff not found', 'success': False}.get</failure></testcase><testcase classname="integration.test_tool_chains.TestComplexToolSequences" name="test_project_scan_context_sequence" time="0.003" /><testcase classname="integration.test_tool_chains.TestToolChainErrors" name="test_chain_continues_on_error" time="0.001"><failure message="assert 0 == 2">tests/integration/test_tool_chains.py:174: in test_chain_continues_on_error
    assert call_count[0] == 2
E   assert 0 == 2</failure></testcase><testcase classname="integration.test_tool_chains.TestToolChainErrors" name="test_rollback_on_error" time="0.001" /><testcase classname="integration.test_tool_chains.TestParallelToolExecution" name="test_parallel_file_operations" time="0.000"><failure message="assert False is True">tests/integration/test_tool_chains.py:214: in test_parallel_file_operations
    assert result1["success"] is True
E   assert False is True</failure></testcase><testcase classname="integration.test_tool_chains.TestToolDependencyResolution" name="test_git_needs_repo" time="0.017" /><testcase classname="integration.test_tool_chains.TestToolDependencyResolution" name="test_edit_needs_file" time="0.000" /><testcase classname="integration.test_tool_chains.TestToolDependencyResolution" name="test_memory_needs_workspace" time="0.000" /><testcase classname="integration.test_tool_chains.TestToolChainsPerformance" name="test_rapid_tool_calls" time="0.001" /><testcase classname="integration.test_tool_chains.TestToolChainsPerformance" name="test_memory_efficiency" time="4.768" /><testcase classname="unit.test_agent.TestQueryIntent" name="test_intent_values" time="0.001" /><testcase classname="unit.test_agent.TestToolCall" name="test_tool_call_creation" time="0.000" /><testcase classname="unit.test_agent.TestToolCall" name="test_tool_call_with_error" time="0.000" /><testcase classname="unit.test_agent.TestAgentResponse" name="test_agent_response_creation" time="0.000" /><testcase classname="unit.test_agent.TestQueryUnderstanding" name="test_parse_file_read" time="0.000" /><testcase classname="unit.test_agent.TestQueryUnderstanding" name="test_parse_file_write" time="0.000" /><testcase classname="unit.test_agent.TestQueryUnderstanding" name="test_parse_git_operation" time="0.000" /><testcase classname="unit.test_agent.TestQueryUnderstanding" name="test_parse_web_search" time="0.000" /><testcase classname="unit.test_agent.TestQueryUnderstanding" name="test_parse_general" time="0.000" /><testcase classname="unit.test_agent.TestQueryUnderstanding" name="test_parse_case_insensitive" time="0.000" /><testcase classname="unit.test_agent.TestQueryUnderstanding" name="test_extract_file_path" time="0.000" /><testcase classname="unit.test_agent.TestToolSelector" name="test_select_file_read_tools" time="0.000" /><testcase classname="unit.test_agent.TestToolSelector" name="test_select_git_tools" time="0.000" /><testcase classname="unit.test_agent.TestToolSelector" name="test_select_web_search_tools" time="0.000" /><testcase classname="unit.test_agent.TestToolSelector" name="test_select_general_tools" time="0.000" /><testcase classname="unit.test_agent.TestToolSelector" name="test_get_tool_parameters_read" time="0.000" /><testcase classname="unit.test_agent.TestToolSelector" name="test_get_tool_parameters_git_commit" time="0.000" /><testcase classname="unit.test_agent.TestResponseGenerator" name="test_generate_empty" time="0.001" /><testcase classname="unit.test_agent.TestResponseGenerator" name="test_generate_with_success" time="0.001"><failure message="assert 'read' in &quot;here's the content:\n```\ntest content\n```&quot;&#10; +  where &quot;here's the content:\n```\ntest content\n```&quot; = &lt;built-in method lower of str object at 0x10b9d30f0&gt;()&#10; +    where &lt;built-in method lower of str object at 0x10b9d30f0&gt; = &quot;Here's the content:\n```\ntest content\n```&quot;.lower">tests/unit/test_agent.py:223: in test_generate_with_success
    assert "read" in result.lower()
E   assert 'read' in "here's the content:\n```\ntest content\n```"
E    +  where "here's the content:\n```\ntest content\n```" = &lt;built-in method lower of str object at 0x10b9d30f0&gt;()
E    +    where &lt;built-in method lower of str object at 0x10b9d30f0&gt; = "Here's the content:\n```\ntest content\n```".lower</failure></testcase><testcase classname="unit.test_agent.TestResponseGenerator" name="test_generate_with_error" time="0.000" /><testcase classname="unit.test_agent.TestResponseGenerator" name="test_generate_clarification" time="0.000" /><testcase classname="unit.test_agent.TestSelfReflection" name="test_reflect_high_confidence" time="0.000" /><testcase classname="unit.test_agent.TestSelfReflection" name="test_reflect_low_confidence" time="0.000" /><testcase classname="unit.test_agent.TestSelfReflection" name="test_reflect_empty_response" time="0.000" /><testcase classname="unit.test_agent.TestStackAgent" name="test_agent_creation" time="0.001" /><testcase classname="unit.test_agent.TestStackAgent" name="test_process_simple_query" time="0.003" /><testcase classname="unit.test_agent.TestStackAgent" name="test_process_with_tools" time="0.001" /><testcase classname="unit.test_agent.TestStackAgent" name="test_get_context" time="0.001" /><testcase classname="unit.test_agent.TestStackAgent" name="test_get_schemas" time="0.001" /><testcase classname="unit.test_agent.TestCreateAgent" name="test_create_agent_default" time="0.001" /><testcase classname="unit.test_agent.TestCreateAgent" name="test_create_agent_custom_workspace" time="0.001"><failure message="FileNotFoundError: [Errno 2] No such file or directory: '/custom/path'">tests/unit/test_agent.py:360: in test_create_agent_custom_workspace
    agent = create_agent("/custom/path")
            ^^^^^^^^^^^^^^^^^^^^^^^^^^^^
stack_cli/agent.py:511: in create_agent
    return StackAgent(workspace)
           ^^^^^^^^^^^^^^^^^^^^^
stack_cli/agent.py:393: in __init__
    self.context_manager = create_context_manager(workspace)
                           ^^^^^^^^^^^^^^^^^^^^^^^^^^^^^^^^^
stack_cli/context.py:337: in create_context_manager
    return ContextManager(workspace or "/Users/walidsobhi/.openclaw/workspace")
           ^^^^^^^^^^^^^^^^^^^^^^^^^^^^^^^^^^^^^^^^^^^^^^^^^^^^^^^^^^^^^^^^^^^^
stack_cli/context.py:100: in __init__
    self._load_context()
stack_cli/context.py:120: in _load_context
    self._scan_projects()
stack_cli/context.py:124: in _scan_projects
    for item in self.workspace.iterdir():
                ^^^^^^^^^^^^^^^^^^^^^^^^
/opt/homebrew/Cellar/python@3.14/3.14.3_1/Frameworks/Python.framework/Versions/3.14/lib/python3.14/pathlib/__init__.py:836: in iterdir
    with os.scandir(root_dir) as scandir_it:
         ^^^^^^^^^^^^^^^^^^^^
E   FileNotFoundError: [Errno 2] No such file or directory: '/custom/path'</failure></testcase><testcase classname="unit.test_config.TestConfiguration" name="test_default_workspace_path" time="0.001" /><testcase classname="unit.test_config.TestConfiguration" name="test_custom_workspace_path" time="0.002"><failure message="assert &quot;&lt;MagicMock n...'4489912608'&gt;&quot; == '/custom/path'&#10;  &#10;  - /custom/path&#10;  + &lt;MagicMock name='Path()' id='4489912608'&gt;">tests/unit/test_config.py:38: in test_custom_workspace_path
    assert str(cm.workspace) == "/custom/path"
E   assert "&lt;MagicMock n...'4489912608'&gt;" == '/custom/path'
E     
E     - /custom/path
E     + &lt;MagicMock name='Path()' id='4489912608'&gt;</failure></testcase><testcase classname="unit.test_config.TestEnvironmentVariables" name="test_workspace_from_env" time="0.001" /><testcase classname="unit.test_config.TestToolConfiguration" name="test_tool_timeout_defaults" time="0.000" /><testcase classname="unit.test_config.TestToolConfiguration" name="test_git_command_timeout" time="0.000" /><testcase classname="unit.test_config.TestLoggingConfiguration" name="test_logging_setup" time="0.000" /><testcase classname="unit.test_context.TestContextManagerBasics" name="test_init_with_workspace" time="0.002"><failure message="AssertionError: assert &lt;MagicMock name='Path()' id='4491019664'&gt; == PosixPath('/custom/workspace')&#10; +  where &lt;MagicMock name='Path()' id='4491019664'&gt; = &lt;stack_cli.context.ContextManager object at 0x10bb95ef0&gt;.workspace&#10; +  and   PosixPath('/custom/workspace') = Path('/custom/workspace')">tests/unit/test_context.py:31: in test_init_with_workspace
    assert cm.workspace == Path("/custom/workspace")
E   AssertionError: assert &lt;MagicMock name='Path()' id='4491019664'&gt; == PosixPath('/custom/workspace')
E    +  where &lt;MagicMock name='Path()' id='4491019664'&gt; = &lt;stack_cli.context.ContextManager object at 0x10bb95ef0&gt;.workspace
E    +  and   PosixPath('/custom/workspace') = Path('/custom/workspace')</failure></testcase><testcase classname="unit.test_context.TestContextManagerBasics" name="test_init_loads_context" time="0.001" /><testcase classname="unit.test_context.TestContextManagerBasics" name="test_session_attribute" time="0.001" /><testcase classname="unit.test_context.TestContextManagerProjects" name="test_projects_dict_exists" time="0.001" /><testcase classname="unit.test_context.TestContextManagerProjects" name="test_current_project_initially_none" time="0.001" /><testcase classname="unit.test_context.TestContextManagerMethods" name="test_get_context_summary_returns_dict" time="0.001" /><testcase classname="unit.test_context.TestContextManagerMethods" name="test_get_workspace_context_returns_string" time="0.001" /><testcase classname="unit.test_context.TestContextManagerMethods" name="test_search_memory_returns_list" time="0.002" /><testcase classname="unit.test_context.TestContextManagerMethods" name="test_save_to_memory" time="0.002" /><testcase classname="unit.test_context.TestContextManagerProjectLoading" name="test_load_project_not_exists" time="0.002"><failure message="assert ProjectContext(name='nonexistent', path=&quot;&lt;MagicMock name='Path().__truediv__()' id='4493889888'&gt;&quot;, language='javascript', framework=None, files=[], dirs=[], has_git=&lt;MagicMock name='Path().__truediv__().__truediv__().exists()' id='4493894256'&gt;, dependencies=[], entry_points=[], metadata={}) is None">tests/unit/test_context.py:135: in test_load_project_not_exists
    assert result is None
E   assert ProjectContext(name='nonexistent', path="&lt;MagicMock name='Path().__truediv__()' id='4493889888'&gt;", language='javascript', framework=None, files=[], dirs=[], has_git=&lt;MagicMock name='Path().__truediv__().__truediv__().exists()' id='4493894256'&gt;, dependencies=[], entry_points=[], metadata={}) is None</failure></testcase><testcase classname="unit.test_context.TestContextManagerProjectLoading" name="test_load_project_exists" time="0.003" /><testcase classname="unit.test_context.TestContextManagerRecentContext" name="test_get_recent_context" time="0.002" /><testcase classname="unit.test_memory.TestProjectContext" name="test_project_context_creation" time="0.000" /><testcase classname="unit.test_memory.TestProjectContext" name="test_project_context_defaults" time="0.000" /><testcase classname="unit.test_memory.TestSessionMemory" name="test_session_memory_creation" time="0.000" /><testcase classname="unit.test_memory.TestSessionMemory" name="test_add_message" time="0.000" /><testcase classname="unit.test_memory.TestSessionMemory" name="test_add_tool_usage" time="0.000" /><testcase classname="unit.test_memory.TestSessionMemory" name="test_add_file_touched" time="0.000" /><testcase classname="unit.test_memory.TestSessionMemory" name="test_add_command" time="0.000" /><testcase classname="unit.test_memory.TestSessionMemory" name="test_get_summary" time="0.000" /><testcase classname="unit.test_memory.TestContextManager" name="test_context_manager_creation" time="0.001"><failure message="AssertionError: assert &lt;MagicMock name='Path()' id='4492458176'&gt; == PosixPath('/tmp/test')&#10; +  where &lt;MagicMock name='Path()' id='4492458176'&gt; = &lt;stack_cli.context.ContextManager object at 0x10b5bb850&gt;.workspace&#10; +  and   PosixPath('/tmp/test') = Path('/tmp/test')">tests/unit/test_memory.py:121: in test_context_manager_creation
    assert cm.workspace == Path("/tmp/test")
E   AssertionError: assert &lt;MagicMock name='Path()' id='4492458176'&gt; == PosixPath('/tmp/test')
E    +  where &lt;MagicMock name='Path()' id='4492458176'&gt; = &lt;stack_cli.context.ContextManager object at 0x10b5bb850&gt;.workspace
E    +  and   PosixPath('/tmp/test') = Path('/tmp/test')</failure></testcase><testcase classname="unit.test_memory.TestContextManager" name="test_load_context" time="0.001" /><testcase classname="unit.test_memory.TestContextManager" name="test_get_context_summary" time="0.001" /><testcase classname="unit.test_memory.TestContextManager" name="test_get_workspace_context" time="0.001" /><testcase classname="unit.test_memory.TestContextManager" name="test_search_memory" time="0.001"><failure message="FileNotFoundError: [Errno 2] No such file or directory: '/tmp/test'">tests/unit/test_memory.py:170: in test_search_memory
    cm = ContextManager("/tmp/test")
         ^^^^^^^^^^^^^^^^^^^^^^^^^^^
stack_cli/context.py:100: in __init__
    self._load_context()
stack_cli/context.py:120: in _load_context
    self._scan_projects()
stack_cli/context.py:124: in _scan_projects
    for item in self.workspace.iterdir():
                ^^^^^^^^^^^^^^^^^^^^^^^^
/opt/homebrew/Cellar/python@3.14/3.14.3_1/Frameworks/Python.framework/Versions/3.14/lib/python3.14/pathlib/__init__.py:836: in iterdir
    with os.scandir(root_dir) as scandir_it:
         ^^^^^^^^^^^^^^^^^^^^
E   FileNotFoundError: [Errno 2] No such file or directory: '/tmp/test'</failure></testcase><testcase classname="unit.test_memory.TestContextManager" name="test_save_to_memory" time="0.001"><failure message="NameError: name 'mock_open' is not defined">tests/unit/test_memory.py:179: in test_save_to_memory
    with patch('pathlib.Path.open', mock_open(read_data="")):
                                    ^^^^^^^^^
E   NameError: name 'mock_open' is not defined</failure></testcase><testcase classname="unit.test_memory.TestProjectAware" name="test_project_aware_creation" time="0.001" /><testcase classname="unit.test_memory.TestProjectAware" name="test_detect_project" time="0.001" /><testcase classname="unit.test_memory.TestProjectAware" name="test_get_project_context" time="0.001" /><testcase classname="unit.test_memory.TestProjectAware" name="test_format_context_for_prompt" time="0.001" /><testcase classname="unit.test_memory.TestCreateContextManager" name="test_create_context_manager_default" time="0.000" /><testcase classname="unit.test_memory.TestCreateContextManager" name="test_create_context_manager_custom" time="0.000" /><testcase classname="unit.test_tools.TestToolsRegistry" name="test_tools_count" time="0.000" /><testcase classname="unit.test_tools.TestToolsRegistry" name="test_get_tool_valid" time="0.000" /><testcase classname="unit.test_tools.TestToolsRegistry" name="test_get_tool_invalid" time="0.000" /><testcase classname="unit.test_tools.TestToolsRegistry" name="test_get_tool_schemas" time="0.000" /><testcase classname="unit.test_tools.TestFileOperations" name="test_read_file_success" time="0.002" /><testcase classname="unit.test_tools.TestFileOperations" name="test_read_file_not_found" time="0.000" /><testcase classname="unit.test_tools.TestFileOperations" name="test_read_file_with_limit" time="0.001" /><testcase classname="unit.test_tools.TestFileOperations" name="test_write_file_success" time="0.001" /><testcase classname="unit.test_tools.TestFileOperations" name="test_write_file_creates_dirs" time="0.002" /><testcase classname="unit.test_tools.TestFileOperations" name="test_edit_file_success" time="0.001" /><testcase classname="unit.test_tools.TestFileOperations" name="test_edit_file_not_found" time="0.000" /><testcase classname="unit.test_tools.TestFileOperations" name="test_edit_file_text_not_found" time="0.001" /><testcase classname="unit.test_tools.TestFileOperations" name="test_search_files" time="0.001" /><testcase classname="unit.test_tools.TestFileOperations" name="test_grep_basic" time="0.001" /><testcase classname="unit.test_tools.TestFileOperations" name="test_grep_with_context" time="0.001" /><testcase classname="unit.test_tools.TestFileOperations" name="test_copy_file" time="0.001" /><testcase classname="unit.test_tools.TestFileOperations" name="test_move_file" time="0.001" /><testcase classname="unit.test_tools.TestFileOperations" name="test_delete_file_without_force" time="0.001" /><testcase classname="unit.test_tools.TestFileOperations" name="test_delete_file_with_force" time="0.001" /><testcase classname="unit.test_tools.TestGitOperations" name="test_git_status_no_repo" time="0.020"><failure message="assert True is False">tests/unit/test_tools.py:213: in test_git_status_no_repo
    assert result["success"] is False
E   assert True is False</failure></testcase><testcase classname="unit.test_tools.TestGitOperations" name="test_git_status_success" time="0.079" /><testcase classname="unit.test_tools.TestGitOperations" name="test_git_commit" time="0.111" /><testcase classname="unit.test_tools.TestGitOperations" name="test_git_push" time="0.003"><failure message="NameError: name 'temp_git_repo' is not defined">tests/unit/test_tools.py:246: in test_git_push
    result = tool_git_push(str(temp_git_repo))
                               ^^^^^^^^^^^^^
E   NameError: name 'temp_git_repo' is not defined</failure></testcase><testcase classname="unit.test_tools.TestGitOperations" name="test_git_pull" time="0.001"><failure message="NameError: name 'temp_git_repo' is not defined">tests/unit/test_tools.py:257: in test_git_pull
    result = tool_git_pull(str(temp_git_repo))
                               ^^^^^^^^^^^^^
E   NameError: name 'temp_git_repo' is not defined</failure></testcase><testcase classname="unit.test_tools.TestGitOperations" name="test_git_branch_list" time="0.001"><failure message="NameError: name 'temp_git_repo' is not defined">tests/unit/test_tools.py:268: in test_git_branch_list
    result = tool_git_branch(str(temp_git_repo))
                                 ^^^^^^^^^^^^^
E   NameError: name 'temp_git_repo' is not defined</failure></testcase><testcase classname="unit.test_tools.TestGitOperations" name="test_git_log" time="0.001"><failure message="NameError: name 'temp_git_repo' is not defined">tests/unit/test_tools.py:280: in test_git_log
    result = tool_git_log(str(temp_git_repo))
                              ^^^^^^^^^^^^^
E   NameError: name 'temp_git_repo' is not defined</failure></testcase><testcase classname="unit.test_tools.TestGitOperations" name="test_git_diff" time="0.001"><failure message="NameError: name 'temp_git_repo' is not defined">tests/unit/test_tools.py:291: in test_git_diff
    result = tool_git_diff(str(temp_git_repo))
                               ^^^^^^^^^^^^^
E   NameError: name 'temp_git_repo' is not defined</failure></testcase><testcase classname="unit.test_tools.TestCodeExecution" name="test_run_command_success" time="0.001" /><testcase classname="unit.test_tools.TestCodeExecution" name="test_run_command_failure" time="0.001" /><testcase classname="unit.test_tools.TestCodeExecution" name="test_run_command_timeout" time="0.001"><failure message="NameError: name 'subprocess' is not defined. Did you forget to import 'subprocess'?">tests/unit/test_tools.py:329: in test_run_command_timeout
    mock_run.side_effect = subprocess.TimeoutExpired("cmd", 1)
                           ^^^^^^^^^^
E   NameError: name 'subprocess' is not defined. Did you forget to import 'subprocess'?</failure></testcase><testcase classname="unit.test_tools.TestCodeExecution" name="test_run_tests" time="0.001" /><testcase classname="unit.test_tools.TestCodeExecution" name="test_lint_code" time="0.001" /><testcase classname="unit.test_tools.TestCodeExecution" name="test_format_code" time="0.001" /><testcase classname="unit.test_tools.TestCodeExecution" name="test_check_type" time="0.001" /><testcase classname="unit.test_tools.TestCodeExecution" name="test_start_server_background" time="0.001" /><testcase classname="unit.test_tools.TestWebTools" name="test_web_search" time="0.000" /><testcase classname="unit.test_tools.TestWebTools" name="test_web_fetch" time="0.001" /><testcase classname="unit.test_tools.TestWebTools" name="test_check_url" time="0.003" /><testcase classname="unit.test_tools.TestMemoryTools" name="test_memory_recall" time="0.002" /><testcase classname="unit.test_tools.TestMemoryTools" name="test_memory_save" time="0.001" /><testcase classname="unit.test_tools.TestMemoryTools" name="test_memory_list" time="0.001" /><testcase classname="unit.test_tools.TestMemoryTools" name="test_context_load" time="0.001" /><testcase classname="unit.test_tools.TestMemoryTools" name="test_project_scan" time="0.002" /><testcase classname="unit.test_tools.TestTaskPlanningTools" name="test_create_task" time="0.001" /><testcase classname="unit.test_tools.TestTaskPlanningTools" name="test_list_tasks" time="0.000" /><testcase classname="unit.test_tools.TestTaskPlanningTools" name="test_update_task" time="0.001"><failure message="assert False is True">tests/unit/test_tools.py:512: in test_update_task
    assert result["success"] is True
E   assert False is True</failure></testcase><testcase classname="unit.test_tools.TestTaskPlanningTools" name="test_delete_task" time="0.001"><failure message="assert False is True">tests/unit/test_tools.py:522: in test_delete_task
    assert result["success"] is True
E   assert False is True</failure></testcase><testcase classname="unit.test_tools.TestTaskPlanningTools" name="test_create_plan" time="0.001" /><testcase classname="unit.test_tools.TestTaskPlanningTools" name="test_execute_plan" time="0.001"><failure message="assert False is True">tests/unit/test_tools.py:540: in test_execute_plan
    assert result["success"] is True
E   assert False is True</failure></testcase><testcase classname="unit.test_utils.TestCLIUtilities" name="test_print_colored" time="0.000" /><testcase classname="unit.test_utils.TestCLIUtilities" name="test_print_colored_with_bold" time="0.001" /><testcase classname="unit.test_utils.TestCLIUtilities" name="test_format_output_dict" time="0.000" /><testcase classname="unit.test_utils.TestCLIUtilities" name="test_format_output_list" time="0.000" /><testcase classname="unit.test_utils.TestCLIUtilities" name="test_format_output_json" time="0.001" /><testcase classname="unit.test_utils.TestCLIUtilities" name="test_format_output_string" time="0.000" /><testcase classname="unit.test_utils.TestAgentUtilities" name="test_intent_parsing_utility" time="0.000" /><testcase classname="unit.test_utils.TestAgentUtilities" name="test_tool_selection_utility" time="0.000" /><testcase classname="unit.test_utils.TestAgentUtilities" name="test_file_path_extraction" time="0.000" /><testcase classname="unit.test_utils.TestContextUtilities" name="test_session_summary_format" time="0.000" /><testcase classname="unit.test_utils.TestContextUtilities" name="test_context_summary_format" time="0.001" /><testcase classname="unit.test_utils.TestToolSchemas" name="test_schemas_contain_required_fields" time="0.002" /><testcase classname="unit.test_utils.TestToolSchemas" name="test_schemas_parameters_structure" time="0.000" /><testcase classname="unit.test_utils.TestDateTimeUtilities" name="test_timestamp_format" time="0.000" /><testcase classname="unit.test_utils.TestPathUtilities" name="test_path_resolution" time="0.000" /><testcase classname="unit.test_utils.TestPathUtilities" name="test_path_parent" time="0.000" /><testcase classname="unit.test_utils.TestPathUtilities" name="test_path_name" time="0.000" /></testsuite></testsuites>